---
source: src/flame_graph.rs
description: profiler-multichunk.jfr
input_file: test-data/profiler-multichunk.jfr
---
:/usr/lib/aarch64-linux-gnu/libc.so.6: (5706,0)
| :/usr/lib/aarch64-linux-gnu/libc.so.6: (5706,0)
| | libjvm.so:thread_native_entry: (5706,0)
| | | libjvm.so:Thread::call_run: (5706,0)
| | | | libjvm.so:ConcurrentGCThread::run: (900,0)
| | | | | libjvm.so:G1ConcurrentMarkThread::run_service: (300,0)
| | | | | | libjvm.so:Monitor::wait: (300,0)
| | | | | | | libjvm.so:Monitor::IWait: (300,0)
| | | | | | | | libjvm.so:os::PlatformEvent::park: (300,0)
| | | | | | | | | libc.so.6:pthread_cond_wait: (300,0)
| | | | | | | | | | :/usr/lib/aarch64-linux-gnu/libc.so.6: (300,0)
| | | | | libjvm.so:G1ConcurrentRefineThread::run_service: (300,0)
| | | | | | libjvm.so:Monitor::wait: (300,0)
| | | | | | | libjvm.so:Monitor::IWait: (300,0)
| | | | | | | | libjvm.so:os::PlatformEvent::park: (300,0)
| | | | | | | | | libc.so.6:pthread_cond_wait: (300,0)
| | | | | | | | | | :/usr/lib/aarch64-linux-gnu/libc.so.6: (300,0)
| | | | | libjvm.so:G1YoungRemSetSamplingThread::run_service: (300,0)
| | | | | | libjvm.so:Monitor::wait: (300,0)
| | | | | | | libjvm.so:Monitor::IWait: (300,0)
| | | | | | | | libjvm.so:os::PlatformEvent::park: (300,0)
| | | | | | | | | libc.so.6:pthread_cond_timedwait: (300,0)
| | | | | | | | | | :/usr/lib/aarch64-linux-gnu/libc.so.6: (300,0)
| | | | libjvm.so:JavaThread::thread_main_inner: (2405,0)
| | | | | libjvm.so:ServiceThread::service_thread_entry: (301,0)
| | | | | | libjvm.so:Monitor::wait: (301,0)
| | | | | | | libjvm.so:Monitor::IWait: (301,0)
| | | | | | | | libjvm.so:os::PlatformEvent::park: (301,0)
| | | | | | | | | libc.so.6:pthread_cond_wait: (301,0)
| | | | | | | | | | :/usr/lib/aarch64-linux-gnu/libc.so.6: (301,0)
| | | | | libjvm.so:CompileBroker::compiler_thread_loop: (602,0)
| | | | | | libjvm.so:CompileQueue::get: (602,0)
| | | | | | | libjvm.so:Monitor::wait: (602,0)
| | | | | | | | libjvm.so:Monitor::IWait: (602,0)
| | | | | | | | | libjvm.so:os::PlatformEvent::park: (602,0)
| | | | | | | | | | libc.so.6:pthread_cond_timedwait: (602,0)
| | | | | | | | | | | :/usr/lib/aarch64-linux-gnu/libc.so.6: (602,0)
| | | | | libjvm.so:attach_listener_thread_entry: (300,0)
| | | | | | libjvm.so:AttachListener::dequeue: (300,0)
| | | | | | | libjvm.so:LinuxAttachListener::dequeue: (300,0)
| | | | | | | | libc.so.6:accept: (300,0)
| | | | | libjvm.so:signal_thread_entry: (301,0)
| | | | | | libjvm.so:os::signal_wait: (301,0)
| | | | | | | libjvm.so:PosixSemaphore::wait: (301,0)
| | | | | | | | :/usr/lib/aarch64-linux-gnu/libc.so.6: (301,0)
| | | | | | | | | :/usr/lib/aarch64-linux-gnu/libc.so.6: (301,0)
| | | | | libjvm.so:recorderthread_entry: (300,0)
| | | | | | libjvm.so:Monitor::wait: (300,0)
| | | | | | | libjvm.so:Monitor::IWait: (300,0)
| | | | | | | | libjvm.so:os::PlatformEvent::park: (300,0)
| | | | | | | | | libc.so.6:pthread_cond_wait: (300,0)
| | | | | | | | | | :/usr/lib/aarch64-linux-gnu/libc.so.6: (300,0)
| | | | | libjvm.so:JvmtiAgentThread::call_start_function: (300,0)
| | | | | | libasyncProfiler.so:Profiler::timerLoop: (300,0)
| | | | | | | libc.so.6:pthread_cond_timedwait: (300,0)
| | | | | | | | :/usr/lib/aarch64-linux-gnu/libc.so.6: (300,0)
| | | | | libjvm.so:NMethodSweeper::sweeper_loop: (301,0)
| | | | | | libjvm.so:Monitor::wait: (301,0)
| | | | | | | libjvm.so:Monitor::IWait: (301,0)
| | | | | | | | libjvm.so:os::PlatformEvent::park: (301,0)
| | | | | | | | | libc.so.6:pthread_cond_timedwait: (301,0)
| | | | | | | | | | :/usr/lib/aarch64-linux-gnu/libc.so.6: (301,0)
| | | | libjvm.so:GangWorker::loop: (1500,0)
| | | | | libjvm.so:SemaphoreGangTaskDispatcher::worker_wait_for_task: (1500,0)
| | | | | | libjvm.so:PosixSemaphore::wait: (1500,0)
| | | | | | | :/usr/lib/aarch64-linux-gnu/libc.so.6: (1500,0)
| | | | | | | | :/usr/lib/aarch64-linux-gnu/libc.so.6: (1500,0)
| | | | libjvm.so:VMThread::run: (300,0)
| | | | | libjvm.so:VMThread::loop: (300,0)
| | | | | | libjvm.so:Monitor::wait: (300,0)
| | | | | | | libjvm.so:Monitor::IWait: (300,0)
| | | | | | | | libjvm.so:os::PlatformEvent::park: (300,0)
| | | | | | | | | libc.so.6:pthread_cond_timedwait: (300,0)
| | | | | | | | | | :/usr/lib/aarch64-linux-gnu/libc.so.6: (300,0)
| | | | libjvm.so:WatcherThread::run: (301,0)
| | | | | libjvm.so:WatcherThread::sleep: (301,0)
| | | | | | libjvm.so:Monitor::wait: (301,0)
| | | | | | | libjvm.so:Monitor::IWait: (301,0)
| | | | | | | | libjvm.so:os::PlatformEvent::park: (301,0)
| | | | | | | | | libc.so.6:pthread_cond_timedwait: (301,0)
| | | | | | | | | | :/usr/lib/aarch64-linux-gnu/libc.so.6: (301,0)
| | | | libjvm.so:JfrThreadSampler::run: (300,0)
| | | | | libjvm.so:PosixSemaphore::wait: (300,0)
| | | | | | :/usr/lib/aarch64-linux-gnu/libc.so.6: (300,0)
| | | | | | | :/usr/lib/aarch64-linux-gnu/libc.so.6: (300,0)
java.lang.Thread:run: (1379,0)
| java.util.concurrent.ThreadPoolExecutor$Worker:run: (1079,0)
| | java.util.concurrent.ThreadPoolExecutor:runWorker: (1079,0)
| | | Example$$Lambda$5.575335780:run: (599,0)
| | | | Example:lambda$main$3: (599,0)
| | | | | Example:sleep: (599,0)
| | | | | | java.lang.Thread:yield: (599,0)
| | | | | | | libc.so.6:__sched_yield: (598,0)
| | | | | | | libjvm.so:sched_yield@plt: (1,0)
| | | Example$$Lambda$4.1500056228:run: (480,0)
| | | | Example:lambda$main$2: (480,0)
| | | | | Example$Writer:println: (60,0)
| | | | | | sun.nio.ch.FileChannelImpl:force: (60,0)
| | | | | | | sun.nio.ch.FileDispatcherImpl:force: (60,0)
| | | | | | | | sun.nio.ch.FileDispatcherImpl:force0: (60,0)
| | | | | | | | | libnio.so:Java_sun_nio_ch_FileDispatcherImpl_force0: (60,0)
| | | | | | | | | | libc.so.6:fsync: (60,0)
| | | | | java.util.concurrent.LinkedBlockingQueue:poll: (420,0)
| | | | | | java.util.concurrent.locks.AbstractQueuedSynchronizer$ConditionObject:awaitNanos: (420,0)
| | | | | | | java.util.concurrent.locks.LockSupport:parkNanos: (420,0)
| | | | | | | | jdk.internal.misc.Unsafe:park: (420,0)
| | | | | | | | | libjvm.so:Unsafe_Park: (420,0)
| | | | | | | | | | libjvm.so:Parker::park: (420,0)
| | | | | | | | | | | libc.so.6:pthread_cond_timedwait: (420,0)
| | | | | | | | | | | | :/usr/lib/aarch64-linux-gnu/libc.so.6: (420,0)
| jdk.jfr.internal.PlatformRecorder$$Lambda$55.205465701:run: (300,0)
| | jdk.jfr.internal.PlatformRecorder:lambda$startDiskMonitor$1: (300,0)
| | | jdk.jfr.internal.PlatformRecorder:periodicTask: (300,0)
| | | | jdk.jfr.internal.PlatformRecorder:takeNap: (300,0)
| | | | | java.lang.Object:wait: (300,0)
| | | | | | libjvm.so:JVM_MonitorWait: (300,0)
| | | | | | | libjvm.so:ObjectSynchronizer::wait: (300,0)
| | | | | | | | libjvm.so:ObjectMonitor::wait: (300,0)
| | | | | | | | | libjvm.so:os::PlatformEvent::park: (300,0)
| | | | | | | | | | libc.so.6:pthread_cond_timedwait: (299,0)
| | | | | | | | | | | :/usr/lib/aarch64-linux-gnu/libc.so.6: (299,0)
| | | | | | | | | | :/usr/lib/aarch64-linux-gnu/libc.so.6: (1,0)
:unknown_Java: (1,0)
| libc.so.6:clock_gettime: (1,0)
java.lang.ref.Finalizer$FinalizerThread:run: (301,0)
| java.lang.ref.ReferenceQueue:remove: (301,0)
| | java.lang.ref.ReferenceQueue:remove: (301,0)
| | | java.lang.Object:wait: (301,0)
| | | | libjvm.so:JVM_MonitorWait: (301,0)
| | | | | libjvm.so:ObjectSynchronizer::wait: (301,0)
| | | | | | libjvm.so:ObjectMonitor::wait: (301,0)
| | | | | | | libjvm.so:os::PlatformEvent::park: (301,0)
| | | | | | | | libc.so.6:pthread_cond_wait: (301,0)
| | | | | | | | | :/usr/lib/aarch64-linux-gnu/libc.so.6: (301,0)
Example:main: (300,0)
| java.util.concurrent.ThreadPoolExecutor:awaitTermination: (300,0)
| | java.util.concurrent.locks.AbstractQueuedSynchronizer$ConditionObject:awaitNanos: (300,0)
| | | java.util.concurrent.locks.LockSupport:parkNanos: (300,0)
| | | | jdk.internal.misc.Unsafe:park: (300,0)
| | | | | libjvm.so:Unsafe_Park: (300,0)
| | | | | | libjvm.so:Parker::park: (300,0)
| | | | | | | libc.so.6:pthread_cond_timedwait: (300,0)
| | | | | | | | :/usr/lib/aarch64-linux-gnu/libc.so.6: (300,0)
jdk.internal.misc.InnocuousThread:run: (300,0)
| java.lang.Thread:run: (300,0)
| | jdk.internal.ref.CleanerImpl:run: (300,0)
| | | java.lang.ref.ReferenceQueue:remove: (300,0)
| | | | java.lang.Object:wait: (300,0)
| | | | | libjvm.so:JVM_MonitorWait: (300,0)
| | | | | | libjvm.so:ObjectSynchronizer::wait: (300,0)
| | | | | | | libjvm.so:ObjectMonitor::wait: (300,0)
| | | | | | | | libjvm.so:os::PlatformEvent::park: (300,0)
| | | | | | | | | libc.so.6:pthread_cond_timedwait: (300,0)
| | | | | | | | | | :/usr/lib/aarch64-linux-gnu/libc.so.6: (300,0)
:unknown: (300,0)
| java:_start: (300,0)
| | libc.so.6:__libc_start_main: (300,0)
| | | :/usr/lib/aarch64-linux-gnu/libc.so.6: (300,0)
| | | | java:main: (300,0)
| | | | | libjli.so:JLI_Launch: (300,0)
| | | | | | libjli.so:ContinueInNewThread: (300,0)
| | | | | | | libjli.so:CallJavaMainInNewThread: (300,0)
| | | | | | | | :/usr/lib/aarch64-linux-gnu/libc.so.6: (300,0)
| | | | | | | | | :/usr/lib/aarch64-linux-gnu/libc.so.6: (300,0)
java.lang.ref.Reference$ReferenceHandler:run: (301,0)
| java.lang.ref.Reference:processPendingReferences: (301,0)
| | java.lang.ref.Reference:waitForReferencePendingList: (301,0)
| | | libjvm.so:JVM_WaitForReferencePendingList: (301,0)
| | | | libjvm.so:Monitor::wait: (301,0)
| | | | | libjvm.so:Monitor::IWait: (301,0)
| | | | | | libjvm.so:os::PlatformEvent::park: (301,0)
| | | | | | | libc.so.6:pthread_cond_wait: (301,0)
| | | | | | | | :/usr/lib/aarch64-linux-gnu/libc.so.6: (301,0)
java.util.TimerThread:run: (300,0)
| java.util.TimerThread:mainLoop: (300,0)
| | java.lang.Object:wait: (300,0)
| | | java.lang.Object:wait: (300,0)
| | | | libjvm.so:JVM_MonitorWait: (300,0)
| | | | | libjvm.so:ObjectSynchronizer::wait: (300,0)
| | | | | | libjvm.so:ObjectMonitor::wait: (300,0)
| | | | | | | libjvm.so:os::PlatformEvent::park: (300,0)
| | | | | | | | libc.so.6:pthread_cond_wait: (300,0)
| | | | | | | | | :/usr/lib/aarch64-linux-gnu/libc.so.6: (300,0)
