---
source: src/export.rs
input_file: test-data/recording.jfr
snapshot_kind: text
---
writer-1: (118)
| java.lang.Thread:run: (118)
| | java.util.concurrent.ThreadPoolExecutor$Worker:run: (118)
| | | java.util.concurrent.ThreadPoolExecutor:runWorker: (118)
| | | | Example$$Lambda$4.1500056228:run: (118)
| | | | | Example:lambda$main$2: (118)
| | | | | | Example$Writer:println: (118)
| | | | | | | sun.nio.ch.FileChannelImpl:force: (118)
| | | | | | | | sun.nio.ch.FileDispatcherImpl:force: (118)
| | | | | | | | | sun.nio.ch.FileDispatcherImpl:force0: (118)
writer-0: (121)
| java.lang.Thread:run: (121)
| | java.util.concurrent.ThreadPoolExecutor$Worker:run: (121)
| | | java.util.concurrent.ThreadPoolExecutor:runWorker: (121)
| | | | Example$$Lambda$4.1500056228:run: (121)
| | | | | Example:lambda$main$2: (121)
| | | | | | Example$Writer:println: (121)
| | | | | | | sun.nio.ch.FileChannelImpl:force: (121)
| | | | | | | | sun.nio.ch.FileDispatcherImpl:force: (121)
| | | | | | | | | sun.nio.ch.FileDispatcherImpl:force0: (121)
JFR Periodic Tasks: (3)
| java.lang.Thread:run: (3)
| | jdk.jfr.internal.PlatformRecorder$$Lambda$55.205465701:run: (3)
| | | jdk.jfr.internal.PlatformRecorder:lambda$startDiskMonitor$1: (3)
| | | | jdk.jfr.internal.PlatformRecorder:periodicTask: (3)
| | | | | jdk.jfr.internal.PlatformRecorder:takeNap: (3)
generator-1: (3)
| java.lang.Thread:run: (3)
| | java.util.concurrent.ThreadPoolExecutor$Worker:run: (3)
| | | java.util.concurrent.ThreadPoolExecutor:runWorker: (3)
| | | | Example$$Lambda$5.575335780:run: (3)
| | | | | Example:lambda$main$3: (3)
| | | | | | Example:sleep: (3)
| | | | | | | java.lang.Thread:yield: (3)
generator-0: (7)
| java.lang.Thread:run: (7)
| | java.util.concurrent.ThreadPoolExecutor$Worker:run: (7)
| | | java.util.concurrent.ThreadPoolExecutor:runWorker: (7)
| | | | Example$$Lambda$5.575335780:run: (7)
| | | | | Example:lambda$main$3: (7)
| | | | | | Example:sleep: (7)
| | | | | | | java.lang.Thread:yield: (7)
