---
source: src/flame_graph.rs
description: recording.jfr
input_file: test-data/recording.jfr
---
java.lang.Thread:run: (3,249)
| java.util.concurrent.ThreadPoolExecutor$Worker:run: (0,249)
| | java.util.concurrent.ThreadPoolExecutor:runWorker: (0,249)
| | | Example$$Lambda$4.1500056228:run: (0,239)
| | | | Example:lambda$main$2: (0,239)
| | | | | Example$Writer:println: (0,239)
| | | | | | sun.nio.ch.FileChannelImpl:force: (0,239)
| | | | | | | sun.nio.ch.FileDispatcherImpl:force: (0,239)
| | | | | | | | sun.nio.ch.FileDispatcherImpl:force0: (0,239)
| | | Example$$Lambda$5.575335780:run: (0,10)
| | | | Example:lambda$main$3: (0,10)
| | | | | Example:sleep: (0,10)
| | | | | | java.lang.Thread:yield: (0,10)
| jdk.jfr.internal.PlatformRecorder$$Lambda$55.205465701:run: (3,0)
| | jdk.jfr.internal.PlatformRecorder:lambda$startDiskMonitor$1: (3,0)
| | | jdk.jfr.internal.PlatformRecorder:periodicTask: (3,0)
| | | | jdk.jfr.internal.PlatformRecorder:takeNap: (3,0)
