---
source: src/export.rs
input_file: test-data/recording-2_1.jfr
snapshot_kind: text
---

